// Jest Snapshot v1, https://goo.gl/fbAQLP

exports[`MainPage renders correctly 1`] = `
<DocumentFragment>
  <div>
    <h1
      class="toolName"
    >
      Java Unit Testing with AI (JUTAI)
    </h1>
    <form>
      <div
        class="inputButt"
      >
        <input
          data-testid="file-input"
          id="file-input"
          required=""
          type="file"
        />
      </div>
      <input
        class="testGeneratorButton"
        type="submit"
        value="Generate unit tests!"
      />
    </form>
    <div
      class="codeBlockWrapper"
    >
      <div
        class="requestBlockWrapper"
      >
        <h3>
          Java class: 
        </h3>
        <div
          class="requestBlock"
        >
          <pre
            data-testid="request-block"
            style="display: block; overflow-x: auto; padding: 0.5em; background: rgb(35, 35, 35); color: rgb(230, 225, 220);"
          >
            <code
              class="language-java"
              style="white-space: pre;"
            />
          </pre>
        </div>
      </div>
      <div
        class="responseBlockWrapper"
      >
        <h3>
          Tests: 
        </h3>
        <div
          class="responseBlock"
        >
          <pre
            style="display: block; overflow-x: auto; padding: 0.5em; background: rgb(35, 35, 35); color: rgb(230, 225, 220);"
          >
            <code
              class="language-java"
              style="white-space: pre;"
            />
          </pre>
        </div>
      </div>
      <form
        class="testForm"
        id="result-form"
      >
        <div>
          <label
            class="inputSquare"
          >
            <p
              class="testText"
            >
              Line Coverage
            </p>
            <textarea
              class="inputBox"
              name="name"
              required=""
              type="text"
            />
          </label>
          <label
            class="inputSquare"
          >
            <p
              class="testText"
            >
              Branch Coverage
            </p>
            <textarea
              class="inputBox"
              name="name"
              required=""
              type="text"
            />
          </label>
          <label
            class="inputSquare"
          >
            <p
              class="testText"
            >
              Passed Unit Tests
            </p>
            <textarea
              class="inputBox"
              name="name"
              required=""
              type="text"
            />
          </label>
        </div>
        <input
          class="testSubmitButt"
          type="submit"
          value="Submit"
        />
      </form>
    </div>
  </div>
</DocumentFragment>
`;
