// Jest Snapshot v1, https://goo.gl/fbAQLP

exports[`ErrorMessage should render correctly 1`] = `
<DocumentFragment>
  <div
    class="fade alert alert-danger alert-dismissible show"
    data-testid="error-message"
    role="alert"
    style="position: fixed; top: 10px; left: 0px; right: 0px; z-index: 999;"
  >
    <button
      aria-label="Close alert"
      class="btn-close"
      type="button"
    />
    <div
      class="alert-heading h4"
    >
      Error!
    </div>
    <p>
      Error message
    </p>
  </div>
</DocumentFragment>
`;
